<html>
<body>
<pre>
<h1>µVision Build Log</h1>
<h2>Tool Versions:</h2>
IDE-Version: µVision V5.25.0.0
Copyright (C) 2017 ARM Ltd and ARM Germany GmbH. All rights reserved.
License Information: khang ASUS, agridrone, LIC=CZLZX-HBVXX-EVU1R-KHNJV-Y9SMI-EIG51
 
Tool Versions:
Toolchain:       MDK-ARM Plus  Version: 5.25.0.0
Toolchain Path:  C:\Keil_v5\ARM\ARMCC\Bin
C Compiler:      Armcc.exe V5.06 update 6 (build 750)
Assembler:       Armasm.exe V5.06 update 6 (build 750)
Linker/Locator:  ArmLink.exe V5.06 update 6 (build 750)
Library Manager: ArmAr.exe V5.06 update 6 (build 750)
Hex Converter:   FromElf.exe V5.06 update 6 (build 750)
CPU DLL:         SARMCM3.DLL V5.25.0.0
Dialog DLL:      DCM.DLL V1.17.0.0
Target DLL:      STLink\ST-LINKIII-KEIL_SWO.dll V3.0.1.0
Dialog DLL:      TCM.DLL V1.34.0.0
 
<h2>Project:</h2>
E:\Work\Company\AgriDrone\ASM\AgriSoft_Project\Source\AgriDroneModelingSimulation\trunk\ControllerUI\ReceiverBoard-Tool\MDK-ARM\STM32F407_IMU.uvprojx
Project File Date:  04/26/2024

<h2>Output:</h2>
*** Using Compiler 'V5.06 update 6 (build 750)', folder: 'C:\Keil_v5\ARM\ARMCC\Bin'
Build target 'STM32F407_IMU'
assembling startup_stm32f407xx.s...
compiling armlib_lock_glue.c...
compiling user_IMU_thread.c...
compiling pid.c...
compiling hmc5883l.c...
compiling user_Infor_thread.c...
compiling user_main_thread.c...
compiling ms5611.c...
compiling mpu6050.c...
compiling flash.c...
compiling protocol.c...
..\Core\Src\protocol.c(31): warning:  #188-D: enumerated type mixed with another type
  	HAL_GPIO_WritePin(Xbee_GPIO_Port, Xbee_Pin, 1);
..\Core\Src\protocol.c: 1 warning, 0 errors
compiling Equation.c...
compiling ControlMotor.c...
compiling FlightController.c...
compiling Lqr.c...
compiling stm32f4xx_ll_adc.c...
compiling main.c...
../Core/Src/main.c(362): warning:  #177-D: function "MX_I2C3_Init"  was declared but never referenced
  static void MX_I2C3_Init(void)
../Core/Src/main.c(571): warning:  #177-D: function "MX_USB_OTG_FS_PCD_Init"  was declared but never referenced
  static void MX_USB_OTG_FS_PCD_Init(void)
../Core/Src/main.c: 2 warnings, 0 errors
compiling stm32f4xx_hal_adc.c...
compiling stm32f4xx_hal_adc_ex.c...
compiling stm32f4xx_hal_rcc_ex.c...
compiling stm32f4xx_it.c...
compiling stm32f4xx_hal_msp.c...
compiling stm32f4xx_hal_rcc.c...
compiling stm32f4xx_hal_flash.c...
compiling stm32f4xx_hal_flash_ex.c...
compiling stm32f4xx_hal_gpio.c...
compiling stm32f4xx_hal_dma.c...
compiling stm32f4xx_hal_dma_ex.c...
compiling stm32f4xx_hal_pwr.c...
compiling stm32f4xx_hal_pwr_ex.c...
compiling stm32f4xx_hal.c...
compiling stm32f4xx_hal_cortex.c...
compiling stm32f4xx_hal_exti.c...
compiling stm32f4xx_hal_i2c_ex.c...
compiling stm32f4xx_hal_i2c.c...
compiling stm32f4xx_hal_pcd.c...
compiling stm32f4xx_hal_tim_ex.c...
compiling stm32f4xx_hal_uart.c...
assembling irq_armv7m.s...
compiling stm32f4xx_hal_pcd_ex.c...
compiling stm32f4xx_ll_usb.c...
compiling rtx_evr.c...
compiling system_stm32f4xx.c...
compiling stm32f4xx_hal_flash_ramfunc.c...
compiling rtx_evflags.c...
compiling rtx_delay.c...
compiling rtx_lib.c...
compiling rtx_kernel.c...
compiling rtx_mempool.c...
compiling rtx_system.c...
compiling rtx_mutex.c...
compiling stm32f4xx_hal_tim.c...
compiling rtx_memory.c...
compiling rtx_msgqueue.c...
compiling RTX_Config.c...
compiling rtx_semaphore.c...
compiling rtx_timer.c...
compiling os_systick.c...
compiling rtx_thread.c...
linking...
Program Size: Code=49800 RO-data=1852 RW-data=35220 ZI-data=4068  
FromELF: creating hex file...
"STM32F407_IMU\STM32F407_IMU.axf" - 0 Error(s), 3 Warning(s).

<h2>Software Packages used:</h2>

Package Vendor: ARM
                http://www.keil.com/pack/ARM.CMSIS.5.9.0.pack
                ARM.CMSIS.5.9.0
                CMSIS (Common Microcontroller Software Interface Standard)
   * Component: Keil RTX5 Variant: Source Version: 5.5.4
   * Component: CORE Version: 5.6.0
   * Component: RTOS2 Version: 2.1.3

Package Vendor: Keil
                https://www.keil.com/pack/Keil.STM32F4xx_DFP.2.17.1.pack
                Keil.STM32F4xx_DFP.2.17.1
                STMicroelectronics STM32F4 Series Device Support, Drivers and Examples

<h2>Collection of Component include folders:</h2>
  .\RTE\CMSIS
  .\RTE\_STM32F407_IMU
  C:\Keil_v5\ARM\PACK\ARM\CMSIS\5.9.0\CMSIS\Core\Include
  C:\Keil_v5\ARM\PACK\ARM\CMSIS\5.9.0\CMSIS\RTOS2\Include
  C:\Keil_v5\ARM\PACK\ARM\CMSIS\5.9.0\CMSIS\RTOS2\RTX\Include
  C:\Keil_v5\ARM\PACK\Keil\STM32F4xx_DFP\2.17.1\Drivers\CMSIS\Device\ST\STM32F4xx\Include

<h2>Collection of Component Files used:</h2>

   * Component: ARM::CMSIS:RTOS2:Keil RTX5:Source:5.5.4
      Source file:   CMSIS\RTOS2\RTX\Template\main.c
      Include file:  CMSIS\RTOS2\RTX\Config\RTX_Config.h
      Source file:   CMSIS\RTOS2\RTX\Template\Events.c
      Include file:  CMSIS\RTOS2\RTX\Include\rtx_os.h
      Source file:   CMSIS\RTOS2\RTX\Config\RTX_Config.c
      Source file:   CMSIS\RTOS2\RTX\Source\rtx_timer.c
      Source file:   CMSIS\RTOS2\RTX\Source\rtx_semaphore.c
      Source file:   CMSIS\RTOS2\RTX\Source\rtx_evr.c
      Source file:   CMSIS\RTOS2\RTX\Source\rtx_system.c
      Source file:   CMSIS\RTOS2\RTX\Template\svc_user.c
      Source file:   CMSIS\RTOS2\RTX\Template\MemPool.c
      Source file:   CMSIS\RTOS2\RTX\Source\ARM\irq_armv7m.s
      Source file:   CMSIS\RTOS2\RTX\Template\Mutex.c
      Source file:   CMSIS\RTOS2\RTX\Source\rtx_delay.c
      Source file:   CMSIS\RTOS2\Source\os_systick.c
      Source file:   CMSIS\RTOS2\RTX\Template\MsgQueue.c
      Source file:   CMSIS\RTOS2\RTX\Template\Timer.c
      Source file:   CMSIS\RTOS2\RTX\Source\rtx_kernel.c
      Source file:   CMSIS\RTOS2\RTX\Source\rtx_mempool.c
      Source file:   CMSIS\RTOS2\RTX\Source\rtx_evflags.c
      Source file:   CMSIS\RTOS2\RTX\Source\rtx_msgqueue.c
      Source file:   CMSIS\RTOS2\RTX\Source\rtx_thread.c
      Source file:   CMSIS\RTOS2\RTX\Source\rtx_memory.c
      Source file:   CMSIS\RTOS2\RTX\Template\Semaphore.c
      Source file:   CMSIS\RTOS2\RTX\Source\rtx_mutex.c
      Source file:   CMSIS\RTOS2\RTX\Source\rtx_lib.c
      Source file:   CMSIS\RTOS2\RTX\Template\Thread.c

   * Component: ARM::CMSIS:CORE:5.6.0
      Include file:  CMSIS\Core\Include\tz_context.h

   * Component: ::CMSIS:RTOS2:2.1.3 (API)
      Include file:  CMSIS\RTOS2\Include\cmsis_os2.h
Build Time Elapsed:  00:03:22
</pre>
</body>
</html>
